Flutter crash report.
Please report a bug at https://github.com/flutter/flutter/issues.

## command

flutter build ios --debug --no-codesign

## exception

ProcessException: ProcessException: Process exited abnormally with exit code 1:
Transfer starting: 171 files
deleting Runner.app/_CodeSignature/CodeResources
deleting Runner.app/_CodeSignature/
deleting Runner.app/Frameworks/webview_flutter_wkwebview.framework/_CodeSignature/CodeResources
deleting Runner.app/Frameworks/webview_flutter_wkwebview.framework/_CodeSignature/
deleting Runner.app/Frameworks/url_launcher_ios.framework/_CodeSignature/CodeResources
deleting Runner.app/Frameworks/url_launcher_ios.framework/_CodeSignature/
deleting Runner.app/Frameworks/sqflite_darwin.framework/_CodeSignature/CodeResources
deleting Runner.app/Frameworks/sqflite_darwin.framework/_CodeSignature/
deleting Runner.app/Frameworks/shared_preferences_foundation.framework/_CodeSignature/CodeResources
deleting Runner.app/Frameworks/shared_preferences_foundation.framework/_CodeSignature/
deleting Runner.app/Frameworks/share_plus.framework/_CodeSignature/CodeResources
deleting Runner.app/Frameworks/share_plus.framework/_CodeSignature/
deleting Runner.app/Frameworks/image_picker_ios.framework/_CodeSignature/CodeResources
deleting Runner.app/Frameworks/image_picker_ios.framework/_CodeSignature/
deleting Runner.app/Frameworks/flutter_timezone.framework/_CodeSignature/CodeResources
deleting Runner.app/Frameworks/flutter_timezone.framework/_CodeSignature/
deleting Runner.app/Frameworks/flutter_local_notifications.framework/_CodeSignature/CodeResources
deleting Runner.app/Frameworks/flutter_local_notifications.framework/_CodeSignature/
deleting Runner.app/Frameworks/flutter_inappwebview_ios.framework/_CodeSignature/CodeResources
deleting Runner.app/Frameworks/flutter_inappwebview_ios.framework/_CodeSignature/
deleting Runner.app/Frameworks/OrderedSet.framework/_CodeSignature/CodeResources
deleting Runner.app/Frameworks/OrderedSet.framework/_CodeSignature/
deleting Runner.app/embedded.mobileprovision
Runner.app/
Runner.app/AppFrameworkInfo.plist
Runner.app/AppIcon60x60@2x.png
Runner.app/AppIcon76x76@2x~ipad.png
Runner.app/Assets.car
Runner.app/Info.plist
Runner.app/PkgInfo
Runner.app/Runner
Runner.app/Runner.debug.dylib
Runner.app/__preview.dylib
Runner.app/Base.lproj/
Runner.app/Base.lproj/LaunchScreen.storyboardc/
Runner.app/Base.lproj/LaunchScreen.storyboardc/01J-lp-oVM-view-Ze5-6b-2t3.nib
Runner.app/Base.lproj/LaunchScreen.storyboardc/Info.plist
Runner.app/Base.lproj/LaunchScreen.storyboardc/UIViewController-01J-lp-oVM.nib
Runner.app/Base.lproj/Main.storyboardc/
Runner.app/Base.lproj/Main.storyboardc/BYZ-38-t0r-view-8bC-Xf-vdC.nib
Runner.app/Base.lproj/Main.storyboardc/Info.plist
Runner.app/Base.lproj/Main.storyboardc/UIViewController-BYZ-38-t0r.nib
Runner.app/Frameworks/
Runner.app/Frameworks/libswift_Concurrency.dylib
Runner.app/Frameworks/App.framework/
Runner.app/Frameworks/App.framework/App
Runner.app/Frameworks/App.framework/Info.plist
Runner.app/Frameworks/App.framework/_CodeSignature/
Runner.app/Frameworks/App.framework/_CodeSignature/CodeResources
Runner.app/Frameworks/App.framework/flutter_assets/
Runner.app/Frameworks/App.framework/flutter_assets/AssetManifest.bin
Runner.app/Frameworks/App.framework/flutter_assets/FontManifest.json
Runner.app/Frameworks/App.framework/flutter_assets/NOTICES.Z
Runner.app/Frameworks/App.framework/flutter_assets/NativeAssetsManifest.json
Runner.app/Frameworks/App.framework/flutter_assets/isolate_snapshot_data
Runner.app/Frameworks/App.framework/flutter_assets/kernel_blob.bin
Runner.app/Frameworks/App.framework/flutter_assets/vm_snapshot_data
Runner.app/Frameworks/App.framework/flutter_assets/assets/
Runner.app/Frameworks/App.framework/flutter_assets/assets/images/
Runner.app/Frameworks/App.framework/flutter_assets/fonts/
Runner.app/Frameworks/App.framework/flutter_assets/packages/
Runner.app/Frameworks/App.framework/flutter_assets/packages/cupertino_icons/
Runner.app/Frameworks/App.framework/flutter_assets/packages/cupertino_icons/assets/
Runner.app/Frameworks/App.framework/flutter_assets/packages/flutter_inappwebview/
Runner.app/Frameworks/App.framework/flutter_assets/packages/flutter_inappwebview/assets/
Runner.app/Frameworks/App.framework/flutter_assets/packages/flutter_inappwebview/assets/t_rex_runner/
Runner.app/Frameworks/App.framework/flutter_assets/packages/flutter_inappwebview_web/
Runner.app/Frameworks/App.framework/flutter_assets/packages/flutter_inappwebview_web/assets/
Runner.app/Frameworks/App.framework/flutter_assets/packages/flutter_inappwebview_web/assets/web/
Runner.app/Frameworks/App.framework/flutter_assets/shaders/
Runner.app/Frameworks/App.framework/flutter_assets/shaders/ink_sparkle.frag
Runner.app/Frameworks/App.framework/flutter_assets/shaders/stretch_effect.frag
Runner.app/Frameworks/Flutter.framework/
Runner.app/Frameworks/Flutter.framework/Flutter

rsync(4807): error: Runner.app/Frameworks/Flutter.framework/.Flutter.5y4140whY2: write: No space left on device
rsync(4807): error: buf_copy
rsync(4807): error: rsync_downloader
rsync(4807): error: rsync_receiver
rsync(4806): error: unexpected end of file
rsync(4806): error: io_read_nonblocking
rsync(4806): error: io_read_blocking
rsync(4806): error: io_read_flush
rsync(4806): error: rsync_sender
rsync(4806): warning: child 4807 exited with status 1
  Command: rsync -8 -av --delete /Users/Apple/Downloads/Ios/newmovie/build/ios/Debug-iphoneos/Runner.app /Users/Apple/Downloads/Ios/newmovie/build/ios/iphoneos

```
#0      RunResult.throwException (package:flutter_tools/src/base/process.dart:153:5)
#1      _DefaultProcessUtils.run (package:flutter_tools/src/base/process.dart:379:19)
<asynchronous suspension>
#2      buildXcodeProject (package:flutter_tools/src/ios/mac.dart:628:9)
<asynchronous suspension>
#3      _BuildIOSSubCommand.runCommand (package:flutter_tools/src/commands/build_ios.dart:986:37)
<asynchronous suspension>
#4      FlutterCommand.run.<anonymous closure> (package:flutter_tools/src/runner/flutter_command.dart:1590:27)
<asynchronous suspension>
#5      AppContext.run.<anonymous closure> (package:flutter_tools/src/base/context.dart:154:19)
<asynchronous suspension>
#6      CommandRunner.runCommand (package:args/command_runner.dart:212:13)
<asynchronous suspension>
#7      FlutterCommandRunner.runCommand.<anonymous closure> (package:flutter_tools/src/runner/flutter_command_runner.dart:496:9)
<asynchronous suspension>
#8      AppContext.run.<anonymous closure> (package:flutter_tools/src/base/context.dart:154:19)
<asynchronous suspension>
#9      FlutterCommandRunner.runCommand (package:flutter_tools/src/runner/flutter_command_runner.dart:431:5)
<asynchronous suspension>
#10     FlutterCommandRunner.run.<anonymous closure> (package:flutter_tools/src/runner/flutter_command_runner.dart:307:33)
<asynchronous suspension>
#11     run.<anonymous closure>.<anonymous closure> (package:flutter_tools/runner.dart:104:11)
<asynchronous suspension>
#12     AppContext.run.<anonymous closure> (package:flutter_tools/src/base/context.dart:154:19)
<asynchronous suspension>
#13     main (package:flutter_tools/executable.dart:103:3)
<asynchronous suspension>
```

## flutter doctor

```
[✓] Flutter (Channel stable, 3.41.9, on macOS 26.6.2 25G83 darwin-arm64, locale en) [382ms]
    • Flutter version 3.41.9 on channel stable at /opt/homebrew/share/flutter
    • Upstream repository https://github.com/flutter/flutter.git
    • Framework revision 00b0c91f06 (5 months ago), 2026-04-29 10:03:19 -0700
    • Engine revision 42d3d75a56
    • Dart version 3.11.5
    • DevTools version 2.54.2
    • Feature flags: enable-web, enable-linux-desktop, enable-macos-desktop, enable-windows-desktop, enable-android, enable-ios, cli-animations, enable-native-assets, omit-legacy-version-file, enable-lldb-debugging, enable-uiscene-migration

[✗] Android toolchain - develop for Android devices [239ms]
    ✗ Unable to locate Android SDK.
      Install Android Studio from: https://developer.android.com/studio/index.html
      On first launch it will assist you in installing the Android SDK components.
      (or visit https://flutter.dev/to/macos-android-setup for detailed instructions).
      If the Android SDK has been installed to a custom location, please use
      `flutter config --android-sdk` to update to that location.


[✓] Xcode - develop for iOS and macOS (Xcode 26.2) [2.8s]
    • Xcode at /Applications/Xcode.app/Contents/Developer
    • Build 17C52
    • CocoaPods version 1.16.2

[✓] Chrome - develop for the web [10ms]
    • Chrome at /Applications/Google Chrome.app/Contents/MacOS/Google Chrome

[✓] Connected device (4 available) [7.3s]
    • iPhone (wireless) (mobile) • 00008120-000C11943AE8201E            • ios            • iOS 26.6.1 23G83
    • iPhone 17 Pro (mobile)     • 3A97E6F1-CEE2-4643-8BF3-3C0DC57734E7 • ios            • com.apple.CoreSimulator.SimRuntime.iOS-26-2 (simulator)
    • macOS (desktop)            • macos                                • darwin-arm64   • macOS 26.6.2 25G83 darwin-arm64
    • Chrome (web)               • chrome                               • web-javascript • Google Chrome 152.0.7977.84

[✓] Network resources [454ms]
    • All expected network resources are available.

! Doctor found issues in 1 category.
```
